fatal: detected dubious ownership in repository at '/src'
To add an exception for this directory, call:

	git config --global --add safe.directory /src
fatal: detected dubious ownership in repository at '/src'
To add an exception for this directory, call:

	git config --global --add safe.directory /src
Author identity unknown

*** Please tell me who you are.

Run

  git config --global user.email "you@example.com"
  git config --global user.name "Your Name"

to set your account's default identity.
Omit --global to set the identity only in this repository.

fatal: unable to auto-detect email address (got 'root@0135d2f1dd95.(none)')
fatal: : not a valid SHA1
fatal: : not a valid SHA1
fatal: detected dubious ownership in repository at '/src'
To add an exception for this directory, call:

	git config --global --add safe.directory /src
jq: error: Could not open file /tmp/vr_test.5Rcoca/real.json: No such file or directory
jq: error: Could not open file /tmp/vr_test.5Rcoca/real.json: No such file or directory
Author identity unknown

*** Please tell me who you are.

Run

  git config --global user.email "you@example.com"
  git config --global user.name "Your Name"

to set your account's default identity.
Omit --global to set the identity only in this repository.

fatal: unable to auto-detect email address (got 'root@0135d2f1dd95.(none)')
fatal: : not a valid SHA1
Author identity unknown

*** Please tell me who you are.

Run

  git config --global user.email "you@example.com"
  git config --global user.name "Your Name"

to set your account's default identity.
Omit --global to set the identity only in this repository.

fatal: unable to auto-detect email address (got 'root@0135d2f1dd95.(none)')
fatal: : not a valid SHA1
