Unpacking xfonts-encodings (1:1.0.5-0ubuntu2) ...
Selecting previously unselected package xfonts-utils.
Preparing to unpack .../12-xfonts-utils_1%3a7.7+6build2_amd64.deb ...
Unpacking xfonts-utils (1:7.7+6build2) ...
Selecting previously unselected package xfonts-cyrillic.
Preparing to unpack .../13-xfonts-cyrillic_1%3a1.0.5_all.deb ...
Unpacking xfonts-cyrillic (1:1.0.5) ...
Selecting previously unselected package xfonts-scalable.
Preparing to unpack .../14-xfonts-scalable_1%3a1.0.3-1.2ubuntu1_all.deb ...
Unpacking xfonts-scalable (1:1.0.3-1.2ubuntu1) ...
Setting up fonts-noto-color-emoji (2.047-0ubuntu0.22.04.1) ...
Setting up fonts-wqy-zenhei (0.9.45-8) ...
Setting up fonts-freefont-ttf (20120503-10build1) ...
Setting up libcairo2:amd64 (1.16.0-5ubuntu2.1) ...
Setting up fonts-tlwg-loma-otf (1:0.7.3-1) ...
Setting up xfonts-encodings (1:1.0.5-0ubuntu2) ...
Setting up fonts-ipafont-gothic (00303-21ubuntu1) ...
update-alternatives: using /usr/share/fonts/opentype/ipafont-gothic/ipag.ttf to provide /usr/share/fonts/truetype/fonts-japanese-gothic.ttf (fonts-japanese-gothic.ttf) in auto mode
Setting up fonts-liberation (1:1.07.4-11) ...
Setting up libcairo-gobject2:amd64 (1.16.0-5ubuntu2.1) ...
Setting up fonts-unifont (1:14.0.01-1) ...
Setting up libcairo-script-interpreter2:amd64 (1.16.0-5ubuntu2.1) ...
Setting up xfonts-utils (1:7.7+6build2) ...
Setting up xfonts-cyrillic (1:1.0.5) ...
Setting up libcairo2-dev:amd64 (1.16.0-5ubuntu2.1) ...
Setting up xfonts-scalable (1:1.0.3-1.2ubuntu1) ...
Processing triggers for libc-bin (2.35-0ubuntu3.13) ...
Processing triggers for fontconfig (2.13.1-4.2ubuntu5) ...
Downloading Chrome for Testing 147.0.7727.15 (playwright chromium v1217) from https://cdn.playwright.dev/builds/cft/147.0.7727.15/linux64/chrome-linux64.zip
|                                                                                |   0% of 170.4 MiB
|■■■■■■■■                                                                        |  10% of 170.4 MiB
|■■■■■■■■■■■■■■■■                                                                |  20% of 170.4 MiB
|■■■■■■■■■■■■■■■■■■■■■■■■                                                        |  30% of 170.4 MiB
|■■■■■■■■■■■■■■■■■■■■■■■■■■■■■■■■                                                |  40% of 170.4 MiB
|■■■■■■■■■■■■■■■■■■■■■■■■■■■■■■■■■■■■■■■■                                        |  50% of 170.4 MiB
|■■■■■■■■■■■■■■■■■■■■■■■■■■■■■■■■■■■■■■■■■■■■■■■■                                |  60% of 170.4 MiB
|■■■■■■■■■■■■■■■■■■■■■■■■■■■■■■■■■■■■■■■■■■■■■■■■■■■■■■■■                        |  70% of 170.4 MiB
|■■■■■■■■■■■■■■■■■■■■■■■■■■■■■■■■■■■■■■■■■■■■■■■■■■■■■■■■■■■■■■■■                |  80% of 170.4 MiB
|■■■■■■■■■■■■■■■■■■■■■■■■■■■■■■■■■■■■■■■■■■■■■■■■■■■■■■■■■■■■■■■■■■■■■■■■        |  90% of 170.4 MiB
|■■■■■■■■■■■■■■■■■■■■■■■■■■■■■■■■■■■■■■■■■■■■■■■■■■■■■■■■■■■■■■■■■■■■■■■■■■■■■■■■| 100% of 170.4 MiB
Chrome for Testing 147.0.7727.15 (playwright chromium v1217) downloaded to /root/.cache/ms-playwright/chromium-1217
Downloading FFmpeg (playwright ffmpeg v1011) from https://cdn.playwright.dev/dbazure/download/playwright/builds/ffmpeg/1011/ffmpeg-linux.zip
|                                                                                |   0% of 2.3 MiB
|■■■■■■■■                                                                        |  10% of 2.3 MiB
|■■■■■■■■■■■■■■■■                                                                |  20% of 2.3 MiB
|■■■■■■■■■■■■■■■■■■■■■■■■                                                        |  30% of 2.3 MiB
|■■■■■■■■■■■■■■■■■■■■■■■■■■■■■■■■                                                |  40% of 2.3 MiB
|■■■■■■■■■■■■■■■■■■■■■■■■■■■■■■■■■■■■■■■■                                        |  50% of 2.3 MiB
|■■■■■■■■■■■■■■■■■■■■■■■■■■■■■■■■■■■■■■■■■■■■■■■■                                |  60% of 2.3 MiB
|■■■■■■■■■■■■■■■■■■■■■■■■■■■■■■■■■■■■■■■■■■■■■■■■■■■■■■■■                        |  70% of 2.3 MiB
|■■■■■■■■■■■■■■■■■■■■■■■■■■■■■■■■■■■■■■■■■■■■■■■■■■■■■■■■■■■■■■■■                |  80% of 2.3 MiB
|■■■■■■■■■■■■■■■■■■■■■■■■■■■■■■■■■■■■■■■■■■■■■■■■■■■■■■■■■■■■■■■■■■■■■■■■        |  90% of 2.3 MiB
|■■■■■■■■■■■■■■■■■■■■■■■■■■■■■■■■■■■■■■■■■■■■■■■■■■■■■■■■■■■■■■■■■■■■■■■■■■■■■■■■| 100% of 2.3 MiB
FFmpeg (playwright ffmpeg v1011) downloaded to /root/.cache/ms-playwright/ffmpeg-1011
Downloading Chrome Headless Shell 147.0.7727.15 (playwright chromium-headless-shell v1217) from https://cdn.playwright.dev/builds/cft/147.0.7727.15/linux64/chrome-headless-shell-linux64.zip
|                                                                                |   0% of 112 MiB
|■■■■■■■■                                                                        |  10% of 112 MiB
|■■■■■■■■■■■■■■■■                                                                |  20% of 112 MiB
|■■■■■■■■■■■■■■■■■■■■■■■■                                                        |  30% of 112 MiB
|■■■■■■■■■■■■■■■■■■■■■■■■■■■■■■■■                                                |  40% of 112 MiB
|■■■■■■■■■■■■■■■■■■■■■■■■■■■■■■■■■■■■■■■■                                        |  50% of 112 MiB
|■■■■■■■■■■■■■■■■■■■■■■■■■■■■■■■■■■■■■■■■■■■■■■■■                                |  60% of 112 MiB
|■■■■■■■■■■■■■■■■■■■■■■■■■■■■■■■■■■■■■■■■■■■■■■■■■■■■■■■■                        |  70% of 112 MiB
|■■■■■■■■■■■■■■■■■■■■■■■■■■■■■■■■■■■■■■■■■■■■■■■■■■■■■■■■■■■■■■■■                |  80% of 112 MiB
|■■■■■■■■■■■■■■■■■■■■■■■■■■■■■■■■■■■■■■■■■■■■■■■■■■■■■■■■■■■■■■■■■■■■■■■■        |  90% of 112 MiB
|■■■■■■■■■■■■■■■■■■■■■■■■■■■■■■■■■■■■■■■■■■■■■■■■■■■■■■■■■■■■■■■■■■■■■■■■■■■■■■■■| 100% of 112 MiB
Chrome Headless Shell 147.0.7727.15 (playwright chromium-headless-shell v1217) downloaded to /root/.cache/ms-playwright/chromium_headless_shell-1217
npm notice
npm notice New major version of npm available! 10.8.2 -> 11.12.1
npm notice Changelog: https://github.com/npm/cli/releases/tag/v11.12.1
npm notice To update run: npm install -g npm@11.12.1
npm notice
--> ce02745be164
STEP 33/34: WORKDIR /project
--> fd943170a48b
STEP 34/34: ENTRYPOINT ["/project/scripts/build-test-release.sh"]
COMMIT localhost/catalogizer-builder:latest
--> 7d03a0fbdb90
Successfully tagged localhost/catalogizer-builder:latest
7d03a0fbdb90b8adb3d7810db9fe4fbcf0a088e3672cfc45b7c527e5d1e6b0ec
